src/db/seeds/favorites.ts(147,39): error TS2769: No overload matches this call.
  Overload 1 of 2, '(value: { createdAt: Date | SQL<unknown> | Placeholder<string, any>; propertyId: number | SQL<unknown> | Placeholder<string, any>; userId: number | SQL<...> | Placeholder<...>; id?: number | ... 2 more ... | undefined; }): PgInsertBase<...>', gave the following error.
    Argument of type '{ userId: number; propertyId: number; createdAt: string; }[]' is not assignable to parameter of type '{ createdAt: Date | SQL<unknown> | Placeholder<string, any>; propertyId: number | SQL<unknown> | Placeholder<string, any>; userId: number | SQL<unknown> | Placeholder<...>; id?: number | ... 2 more ... | undefined; }'.
      Type '{ userId: number; propertyId: number; createdAt: string; }[]' is missing the following properties from type '{ createdAt: Date | SQL<unknown> | Placeholder<string, any>; propertyId: number | SQL<unknown> | Placeholder<string, any>; userId: number | SQL<unknown> | Placeholder<...>; id?: number | ... 2 more ... | undefined; }': createdAt, propertyId, userId
  Overload 2 of 2, '(values: { createdAt: Date | SQL<unknown> | Placeholder<string, any>; propertyId: number | SQL<unknown> | Placeholder<string, any>; userId: number | SQL<...> | Placeholder<...>; id?: number | ... 2 more ... | undefined; }[]): PgInsertBase<...>', gave the following error.
    Argument of type '{ userId: number; propertyId: number; createdAt: string; }[]' is not assignable to parameter of type '{ createdAt: Date | SQL<unknown> | Placeholder<string, any>; propertyId: number | SQL<unknown> | Placeholder<string, any>; userId: number | SQL<unknown> | Placeholder<...>; id?: number | ... 2 more ... | undefined; }[]'.
      Type '{ userId: number; propertyId: number; createdAt: string; }' is not assignable to type '{ createdAt: Date | SQL<unknown> | Placeholder<string, any>; propertyId: number | SQL<unknown> | Placeholder<string, any>; userId: number | SQL<unknown> | Placeholder<...>; id?: number | ... 2 more ... | undefined; }'.
        Types of property 'createdAt' are incompatible.
          Type 'string' is not assignable to type 'Date | SQL<unknown> | Placeholder<string, any>'.
src/db/seeds/maintenance_requests.ts(150,49): error TS2769: No overload matches this call.
  Overload 1 of 2, '(value: { createdAt: Date | SQL<unknown> | Placeholder<string, any>; description: string | SQL<unknown> | Placeholder<string, any>; userId: number | SQL<...> | Placeholder<...>; ... 4 more ...; resolvedAt?: Date | ... 3 more ... | undefined; }): PgInsertBase<...>', gave the following error.
    Argument of type '({ userId: number; bookingId: number; title: string; description: string; status: string; createdAt: string; resolvedAt: null; } | { userId: number; bookingId: number; title: string; description: string; status: string; createdAt: string; resolvedAt: Date; })[]' is not assignable to parameter of type '{ createdAt: Date | SQL<unknown> | Placeholder<string, any>; description: string | SQL<unknown> | Placeholder<string, any>; userId: number | SQL<...> | Placeholder<...>; ... 4 more ...; resolvedAt?: Date | ... 3 more ... | undefined; }'.
      Type '({ userId: number; bookingId: number; title: string; description: string; status: string; createdAt: string; resolvedAt: null; } | { userId: number; bookingId: number; title: string; description: string; status: string; createdAt: string; resolvedAt: Date; })[]' is missing the following properties from type '{ createdAt: Date | SQL<unknown> | Placeholder<string, any>; description: string | SQL<unknown> | Placeholder<string, any>; userId: number | SQL<...> | Placeholder<...>; ... 4 more ...; resolvedAt?: Date | ... 3 more ... | undefined; }': createdAt, description, userId, status, and 2 more.
  Overload 2 of 2, '(values: { createdAt: Date | SQL<unknown> | Placeholder<string, any>; description: string | SQL<unknown> | Placeholder<string, any>; userId: number | SQL<...> | Placeholder<...>; ... 4 more ...; resolvedAt?: Date | ... 3 more ... | undefined; }[]): PgInsertBase<...>', gave the following error.
    Argument of type '({ userId: number; bookingId: number; title: string; description: string; status: string; createdAt: string; resolvedAt: null; } | { userId: number; bookingId: number; title: string; description: string; status: string; createdAt: string; resolvedAt: Date; })[]' is not assignable to parameter of type '{ createdAt: Date | SQL<unknown> | Placeholder<string, any>; description: string | SQL<unknown> | Placeholder<string, any>; userId: number | SQL<...> | Placeholder<...>; ... 4 more ...; resolvedAt?: Date | ... 3 more ... | undefined; }[]'.
      Type '{ userId: number; bookingId: number; title: string; description: string; status: string; createdAt: string; resolvedAt: null; } | { userId: number; bookingId: number; title: string; description: string; status: string; createdAt: string; resolvedAt: Date; }' is not assignable to type '{ createdAt: Date | SQL<unknown> | Placeholder<string, any>; description: string | SQL<unknown> | Placeholder<string, any>; userId: number | SQL<...> | Placeholder<...>; ... 4 more ...; resolvedAt?: Date | ... 3 more ... | undefined; }'.
        Type '{ userId: number; bookingId: number; title: string; description: string; status: string; createdAt: string; resolvedAt: null; }' is not assignable to type '{ createdAt: Date | SQL<unknown> | Placeholder<string, any>; description: string | SQL<unknown> | Placeholder<string, any>; userId: number | SQL<...> | Placeholder<...>; ... 4 more ...; resolvedAt?: Date | ... 3 more ... | undefined; }'.
          Types of property 'createdAt' are incompatible.
            Type 'string' is not assignable to type 'Date | SQL<unknown> | Placeholder<string, any>'.
src/db/seeds/payments.ts(341,38): error TS2769: No overload matches this call.
  Overload 1 of 2, '(value: { createdAt: Date | SQL<unknown> | Placeholder<string, any>; userId: number | SQL<unknown> | Placeholder<string, any>; status: string | SQL<unknown> | Placeholder<...>; ... 6 more ...; invoiceUrl?: string | ... 3 more ... | undefined; }): PgInsertBase<...>', gave the following error.
    Argument of type '({ userId: number; bookingId: number; amount: number; paymentType: string; paymentMethod: string; transactionId: string; status: string; invoiceUrl: string; createdAt: string; } | { userId: number; ... 7 more ...; createdAt: string; })[]' is not assignable to parameter of type '{ createdAt: Date | SQL<unknown> | Placeholder<string, any>; userId: number | SQL<unknown> | Placeholder<string, any>; status: string | SQL<unknown> | Placeholder<...>; ... 6 more ...; invoiceUrl?: string | ... 3 more ... | undefined; }'.
      Type '({ userId: number; bookingId: number; amount: number; paymentType: string; paymentMethod: string; transactionId: string; status: string; invoiceUrl: string; createdAt: string; } | { userId: number; ... 7 more ...; createdAt: string; })[]' is missing the following properties from type '{ createdAt: Date | SQL<unknown> | Placeholder<string, any>; userId: number | SQL<unknown> | Placeholder<string, any>; status: string | SQL<unknown> | Placeholder<...>; ... 6 more ...; invoiceUrl?: string | ... 3 more ... | undefined; }': createdAt, userId, status, bookingId, and 2 more.
  Overload 2 of 2, '(values: { createdAt: Date | SQL<unknown> | Placeholder<string, any>; userId: number | SQL<unknown> | Placeholder<string, any>; status: string | SQL<unknown> | Placeholder<...>; ... 6 more ...; invoiceUrl?: string | ... 3 more ... | undefined; }[]): PgInsertBase<...>', gave the following error.
    Argument of type '({ userId: number; bookingId: number; amount: number; paymentType: string; paymentMethod: string; transactionId: string; status: string; invoiceUrl: string; createdAt: string; } | { userId: number; ... 7 more ...; createdAt: string; })[]' is not assignable to parameter of type '{ createdAt: Date | SQL<unknown> | Placeholder<string, any>; userId: number | SQL<unknown> | Placeholder<string, any>; status: string | SQL<unknown> | Placeholder<...>; ... 6 more ...; invoiceUrl?: string | ... 3 more ... | undefined; }[]'.
      Type '{ userId: number; bookingId: number; amount: number; paymentType: string; paymentMethod: string; transactionId: string; status: string; invoiceUrl: string; createdAt: string; } | { userId: number; ... 7 more ...; createdAt: string; }' is not assignable to type '{ createdAt: Date | SQL<unknown> | Placeholder<string, any>; userId: number | SQL<unknown> | Placeholder<string, any>; status: string | SQL<unknown> | Placeholder<...>; ... 6 more ...; invoiceUrl?: string | ... 3 more ... | undefined; }'.
        Type '{ userId: number; bookingId: number; amount: number; paymentType: string; paymentMethod: string; transactionId: string; status: string; invoiceUrl: string; createdAt: string; }' is not assignable to type '{ createdAt: Date | SQL<unknown> | Placeholder<string, any>; userId: number | SQL<unknown> | Placeholder<string, any>; status: string | SQL<unknown> | Placeholder<...>; ... 6 more ...; invoiceUrl?: string | ... 3 more ... | undefined; }'.
          Types of property 'createdAt' are incompatible.
            Type 'string' is not assignable to type 'Date | SQL<unknown> | Placeholder<string, any>'.
src/db/seeds/reviews.ts(255,37): error TS2769: No overload matches this call.
  Overload 1 of 2, '(value: { createdAt: Date | SQL<unknown> | Placeholder<string, any>; rating: number | SQL<unknown> | Placeholder<string, any>; propertyId: number | SQL<...> | Placeholder<...>; userId: number | ... 1 more ... | Placeholder<...>; bookingId: number | ... 1 more ... | Placeholder<...>; id?: number | ... 2 more ... | undefined; comment?: string | ... 3 more ... | undefined; }): PgInsertBase<...>', gave the following error.
    Argument of type '{ userId: number; propertyId: number; bookingId: number; rating: number; comment: string; createdAt: string; }[]' is not assignable to parameter of type '{ createdAt: Date | SQL<unknown> | Placeholder<string, any>; rating: number | SQL<unknown> | Placeholder<string, any>; propertyId: number | SQL<unknown> | Placeholder<...>; userId: number | ... 1 more ... | Placeholder<...>; bookingId: number | ... 1 more ... | Placeholder<...>; id?: number | ... 2 more ... | undefi...'.
      Type '{ userId: number; propertyId: number; bookingId: number; rating: number; comment: string; createdAt: string; }[]' is missing the following properties from type '{ createdAt: Date | SQL<unknown> | Placeholder<string, any>; rating: number | SQL<unknown> | Placeholder<string, any>; propertyId: number | SQL<unknown> | Placeholder<...>; userId: number | ... 1 more ... | Placeholder<...>; bookingId: number | ... 1 more ... | Placeholder<...>; id?: number | ... 2 more ... | undefi...': createdAt, rating, propertyId, userId, bookingId
  Overload 2 of 2, '(values: { createdAt: Date | SQL<unknown> | Placeholder<string, any>; rating: number | SQL<unknown> | Placeholder<string, any>; propertyId: number | SQL<...> | Placeholder<...>; userId: number | ... 1 more ... | Placeholder<...>; bookingId: number | ... 1 more ... | Placeholder<...>; id?: number | ... 2 more ... | undefined; comment?: string | ... 3 more ... | undefined; }[]): PgInsertBase<...>', gave the following error.
    Argument of type '{ userId: number; propertyId: number; bookingId: number; rating: number; comment: string; createdAt: string; }[]' is not assignable to parameter of type '{ createdAt: Date | SQL<unknown> | Placeholder<string, any>; rating: number | SQL<unknown> | Placeholder<string, any>; propertyId: number | SQL<unknown> | Placeholder<...>; userId: number | ... 1 more ... | Placeholder<...>; bookingId: number | ... 1 more ... | Placeholder<...>; id?: number | ... 2 more ... | undefi...'.
      Type '{ userId: number; propertyId: number; bookingId: number; rating: number; comment: string; createdAt: string; }' is not assignable to type '{ createdAt: Date | SQL<unknown> | Placeholder<string, any>; rating: number | SQL<unknown> | Placeholder<string, any>; propertyId: number | SQL<unknown> | Placeholder<...>; userId: number | ... 1 more ... | Placeholder<...>; bookingId: number | ... 1 more ... | Placeholder<...>; id?: number | ... 2 more ... | undefi...'.
        Types of property 'createdAt' are incompatible.
          Type 'string' is not assignable to type 'Date | SQL<unknown> | Placeholder<string, any>'.
